// Jest Snapshot v1, https://goo.gl/fbAQLP

exports[`renders component 1`] = `<blockquote type="multiple" class="blockquote"><span>The quick brown fox jumps over the lazy dog.</span></blockquote>`;
